location: clients/tests/test-client.py:979:test_004()/321
cmd: $NMCLI --mode multiline --pretty --color yes -f COMMON device wifi list bssid C0:E2:BE:E8:EF:B6
lang: C
returncode: 10
stdout: 733 bytes
>>>
===============================================================================
                            Wi-Fi scan list (wlan0)
===============================================================================
AP[1].IN-USE:                           [32m [0m
AP[1].SSID:                             [32mwlan0-ap-2[0m
AP[1].MODE:                             [32mInfra[0m
AP[1].CHAN:                             [32m1[0m
AP[1].RATE:                             [32m54 Mbit/s[0m
AP[1].SIGNAL:                           [32m92[0m
AP[1].BARS:                             [32m****[0m
AP[1].SECURITY:                         [32mWPA1 WPA2[0m
-------------------------------------------------------------------------------

<<<
stderr: 8 bytes
>>>
Success

<<<
