location: clients/tests/test-client.py:780:test_002()/18
cmd: $NMCLI -f AP -mode tabular -t d show wlan0
lang: pl_PL.UTF-8
returncode: 0
stdout: 765 bytes
>>>
AP[1]:wlan0-ap-3:776C616E302D61702D33:60\:B3\:25\:25\:E2\:C8:Infra:1:2412 MHz:54 Mbit/s:55:**  :WPA1 WPA2:pair_tkip pair_ccmp group_tkip group_ccmp psk:pair_tkip pair_ccmp group_tkip group_ccmp psk:wlan0:no: :/org/freedesktop/NetworkManager/AccessPoint/3
AP[2]:wlan0-ap-1:776C616E302D61702D31:90\:B1\:5F\:9E\:E0\:E3:Infra:1:2412 MHz:54 Mbit/s:44:**  :WPA1 WPA2:pair_tkip pair_ccmp group_tkip group_ccmp psk:pair_tkip pair_ccmp group_tkip group_ccmp psk:wlan0:no: :/org/freedesktop/NetworkManager/AccessPoint/1
AP[3]:wlan0-ap-2:776C616E302D61702D32:61\:66\:D2\:E7\:44\:A2:Infra:1:2412 MHz:54 Mbit/s:34:**  :WPA1 WPA2:pair_tkip pair_ccmp group_tkip group_ccmp psk:pair_tkip pair_ccmp group_tkip group_ccmp psk:wlan0:no: :/org/freedesktop/NetworkManager/AccessPoint/2

<<<
stderr: 0 bytes
>>>

<<<
