location: clients/tests/test-client.py:975:test_004()/174
cmd: $NMCLI --mode tabular --color yes -f NAME,SSID,SSID-HEX,BSSID,MODE,CHAN,FREQ,RATE,SIGNAL,BARS,SECURITY,WPA-FLAGS,RSN-FLAGS,DEVICE,ACTIVE,IN-USE,DBUS-PATH device wifi list
lang: pl_PL.UTF-8
returncode: 2
stdout: 0 bytes
>>>

<<<
stderr: 187 bytes
>>>
Błąd: „device wifi”: nieprawidłowe pole „NAME”; allowed fields: SSID,SSID-HEX,BSSID,MODE,CHAN,FREQ,RATE,SIGNAL,BARS,SECURITY,WPA-FLAGS,RSN-FLAGS,DEVICE,ACTIVE,IN-USE,DBUS-PATH

<<<
