location: clients/tests/test-client.py:979:test_004()/142
cmd: $NMCLI --terse --color yes -f COMMON device wifi list bssid C0:E2:BE:E8:EF:B6
lang: pl_PL.UTF-8
returncode: 10
stdout: 127 bytes
>>>
AP[1]:[32m [0m:[32mwlan0-ap-2[0m:[32mInfra[0m:[32m1[0m:[32m54 Mbit/s[0m:[32m92[0m:[32m****[0m:[32mWPA1 WPA2[0m

<<<
stderr: 11 bytes
>>>
Powodzenie

<<<
