location: clients/tests/test-client.py:984:test_004()/199
cmd: $NMCLI --mode tabular --pretty -f ALL device show wlan0
lang: C
returncode: 0
stdout: 5221 bytes
>>>
==========================
  Device details (wlan0)
==========================
NAME     DEVICE  TYPE  NM-TYPE       VENDOR  PRODUCT  DRIVER   DRIVER-VERSION  FIRMWARE-VERSION  HWADDR             MTU  STATE             REASON               UDI                         IP-IFACE  IS-SOFTWARE  NM-MANAGED  AUTOCONNECT  FIRMWARE-MISSING  NM-PLUGIN-MISSING  PHYS-PORT-ID  CONNECTION  CON-UUID                              CON-PATH                                            METERED 
--------------------------------------------------------------------------------------------------------------------------------------------------------------------------------------------------------------------------------------------------------------------------------------------------------------------------------------------------------------------------------------------------------------
GENERAL  wlan0   wifi  NMDeviceWifi  --      --       virtual  --              --                13:E0:74:85:7C:D9  0    20 (unavailable)  0 (No reason given)  /sys/devices/virtual/wlan0  --        no           yes         yes          no                no                 --            con-vpn-1   UUID-con-vpn-1-REPLACED-REPLACED-REP  /org/freedesktop/NetworkManager/ActiveConnection/2  unknown 

NAME          CARRIER-DETECT  SPEED    IS-SOFTWARE  SRIOV 
-----------------------------------------------------------
CAPABILITIES  no              unknown  no           no    

NAME             WEP  WPA  WPA2  TKIP  CCMP  AP   ADHOC  2GHZ     5GHZ    
---------------------------------------------------------------------------
WIFI-PROPERTIES  yes  yes  yes   yes   yes   yes  yes    unknown  unknown 

NAME   SSID        SSID-HEX              BSSID              MODE   CHAN  FREQ      RATE       SIGNAL  BARS  SECURITY   WPA-FLAGS                                      RSN-FLAGS                                      DEVICE  ACTIVE  IN-USE  DBUS-PATH                                     
--------------------------------------------------------------------------------------------------------------------------------------------------------------------------------------------------------------------------------------------------------------------------------------------
AP[1]  wlan0-ap-2  776C616E302D61702D32  C0:E2:BE:E8:EF:B6  Infra  1     2412 MHz  54 Mbit/s  92      ****  WPA1 WPA2  pair_tkip pair_ccmp group_tkip group_ccmp psk  pair_tkip pair_ccmp group_tkip group_ccmp psk  wlan0   no              /org/freedesktop/NetworkManager/AccessPoint/2 
AP[2]  wlan0-ap-1  776C616E302D61702D31  61:95:77:AC:1E:4C  Infra  1     2412 MHz  54 Mbit/s  81      ****  WPA1 WPA2  pair_tkip pair_ccmp group_tkip group_ccmp psk  pair_tkip pair_ccmp group_tkip group_ccmp psk  wlan0   no              /org/freedesktop/NetworkManager/AccessPoint/1 
AP[3]  wlan0-ap-3  776C616E302D61702D33  9B:F6:B7:EC:97:76  Infra  1     2412 MHz  54 Mbit/s  55      **    WPA1 WPA2  pair_tkip pair_ccmp group_tkip group_ccmp psk  pair_tkip pair_ccmp group_tkip group_ccmp psk  wlan0   no              /org/freedesktop/NetworkManager/AccessPoint/3 

GROUP  ADDRESS                                 GATEWAY         ROUTE  DNS  DOMAIN                                                                            WINS           
-----------------------------------------------------------------------------------------------------------------------------------------------------------------------------
IP4    192.168.228.18/32 | 192.168.209.179/25  192.168.41.120  --     --   sear4.foo2.bar | sear4.fo.x.y | sear4.foo1.bar | sear4.foo4.bar | sear4.fo.o.bar  192.168.120.79 

GROUP  OPTION                                                                                    
--------------------------------------------------------------------------------------------------
DHCP4  dhcp-4-opt-0 = val-0 | dhcp-4-opt-2 = val-2 | dhcp-4-opt-4 = val-4 | dhcp-4-opt-7 = val-7 

GROUP  ADDRESS  GATEWAY  ROUTE                                                           DNS  DOMAIN                                                                                            
-------------------------------------------------------------------------------------------------------------------------------------------------------------------------------------------------
IP6    --       --       dst = 2001:a::dd5b:aa7b:b4a2:e42/102, nh = ::, mt = 2504159086  --   sear6.foo2.bar | sear6.foo1.bar | sear6.fo.x.y | sear6.fo.o.bar | sear6.foo3.bar | sear6.foo4.bar 

GROUP  OPTION                                                                                                           
-------------------------------------------------------------------------------------------------------------------------
DHCP6  dhcp-6-opt-1 = val-1 | dhcp-6-opt-2 = val-2 | dhcp-6-opt-3 = val-3 | dhcp-6-opt-4 = val-4 | dhcp-6-opt-5 = val-5 

NAME         AVAILABLE-CONNECTION-PATHS                               AVAILABLE-CONNECTIONS                          
----------------------------------------------------------------------------------------------------------------------
CONNECTIONS  /org/freedesktop/NetworkManager/Settings/Connection/{2}  UUID-con-xx1-REPLACED-REPLACED-REPLA | con-xx1 

<<<
stderr: 0 bytes
>>>

<<<
