location: clients/tests/test-client.py:979:test_004()/340
cmd: $NMCLI --mode multiline --terse -f COMMON device wifi list bssid C0:E2:BE:E8:EF:B6
lang: pl_PL.UTF-8
returncode: 10
stdout: 145 bytes
>>>
AP[1].IN-USE: 
AP[1].SSID:wlan0-ap-2
AP[1].MODE:Infra
AP[1].CHAN:1
AP[1].RATE:54 Mbit/s
AP[1].SIGNAL:92
AP[1].BARS:****
AP[1].SECURITY:WPA1 WPA2

<<<
stderr: 11 bytes
>>>
Powodzenie

<<<
