location: clients/tests/test-client.py:979:test_004()/51
cmd: $NMCLI -f COMMON device wifi list bssid C0:E2:BE:E8:EF:B6
lang: C
returncode: 10
stdout: 152 bytes
>>>
NAME   IN-USE  SSID        MODE   CHAN  RATE       SIGNAL  BARS  SECURITY  
AP[1]          wlan0-ap-2  Infra  1     54 Mbit/s  92      ****  WPA1 WPA2 

<<<
stderr: 8 bytes
>>>
Success

<<<
