location: clients/tests/test-client.py:972:test_004()/351
cmd: $NMCLI --mode multiline --terse --color yes -f COMMON device wifi list
lang: C
returncode: 0
stdout: 868 bytes
>>>
AP[1].IN-USE:[35m [0m
AP[1].SSID:[35mwlan1-ap-4[0m
AP[1].MODE:[35mInfra[0m
AP[1].CHAN:[35m1[0m
AP[1].RATE:[35m54 Mbit/s[0m
AP[1].SIGNAL:[35m48[0m
AP[1].BARS:[35m**  [0m
AP[1].SECURITY:[35mWPA1 WPA2[0m
AP[1].IN-USE:[32m [0m
AP[1].SSID:[32mwlan0-ap-2[0m
AP[1].MODE:[32mInfra[0m
AP[1].CHAN:[32m1[0m
AP[1].RATE:[32m54 Mbit/s[0m
AP[1].SIGNAL:[32m92[0m
AP[1].BARS:[32m****[0m
AP[1].SECURITY:[32mWPA1 WPA2[0m
AP[2].IN-USE:[32m [0m
AP[2].SSID:[32mwlan0-ap-1[0m
AP[2].MODE:[32mInfra[0m
AP[2].CHAN:[32m1[0m
AP[2].RATE:[32m54 Mbit/s[0m
AP[2].SIGNAL:[32m81[0m
AP[2].BARS:[32m****[0m
AP[2].SECURITY:[32mWPA1 WPA2[0m
AP[3].IN-USE:[35m [0m
AP[3].SSID:[35mwlan0-ap-3[0m
AP[3].MODE:[35mInfra[0m
AP[3].CHAN:[35m1[0m
AP[3].RATE:[35m54 Mbit/s[0m
AP[3].SIGNAL:[35m55[0m
AP[3].BARS:[35m**  [0m
AP[3].SECURITY:[35mWPA1 WPA2[0m

<<<
stderr: 0 bytes
>>>

<<<
