location: clients/tests/test-client.py:979:test_004()/88
cmd: $NMCLI --pretty -f COMMON device wifi list bssid C0:E2:BE:E8:EF:B6
lang: pl_PL.UTF-8
returncode: 10
stdout: 413 bytes
>>>
========================================
  Lista skanowania sieci Wi-Fi (wlan0)
========================================
NAME   IN-USE  SSID        MODE            CHAN  RATE     SIGNAL  BARS  SECURITY  
---------------------------------------------------------------------------------------------------------------------------
AP[1]          wlan0-ap-2  Infrastruktura  1     54â€‰Mb/s  92      ****  WPA1 WPA2 

<<<
stderr: 11 bytes
>>>
Powodzenie

<<<
