location: clients/tests/test-client.py:972:test_004()/118
cmd: $NMCLI --terse -f COMMON device wifi list
lang: pl_PL.UTF-8
returncode: 0
stdout: 220 bytes
>>>
AP[1]: :wlan1-ap-4:Infra:1:54 Mbit/s:48:**  :WPA1 WPA2
AP[1]: :wlan0-ap-2:Infra:1:54 Mbit/s:92:****:WPA1 WPA2
AP[2]: :wlan0-ap-1:Infra:1:54 Mbit/s:81:****:WPA1 WPA2
AP[3]: :wlan0-ap-3:Infra:1:54 Mbit/s:55:**  :WPA1 WPA2

<<<
stderr: 0 bytes
>>>

<<<
