location: clients/tests/test-client.py:979:test_004()/304
cmd: $NMCLI --mode multiline --pretty -f COMMON device wifi list bssid C0:E2:BE:E8:EF:B6
lang: pl_PL.UTF-8
returncode: 10
stdout: 676 bytes
>>>
===============================================================================
                     Lista skanowania sieci Wi-Fi (wlan0)
===============================================================================
AP[1].IN-USE:                            
AP[1].SSID:                             wlan0-ap-2
AP[1].MODE:                             Infrastruktura
AP[1].CHAN:                             1
AP[1].RATE:                             54â€‰Mb/s
AP[1].SIGNAL:                           92
AP[1].BARS:                             ****
AP[1].SECURITY:                         WPA1 WPA2
-------------------------------------------------------------------------------

<<<
stderr: 11 bytes
>>>
Powodzenie

<<<
