location: clients/tests/test-client.py:982:test_004()/342
cmd: $NMCLI --mode multiline --terse -f NAME,SSID,SSID-HEX,BSSID,MODE,CHAN,FREQ,RATE,SIGNAL,BARS,SECURITY,WPA-FLAGS,RSN-FLAGS,DEVICE,ACTIVE,IN-USE,DBUS-PATH device wifi list bssid C0:E2:BE:E8:EF:B6
lang: pl_PL.UTF-8
returncode: 2
stdout: 0 bytes
>>>

<<<
stderr: 187 bytes
>>>
Błąd: „device wifi”: nieprawidłowe pole „NAME”; allowed fields: SSID,SSID-HEX,BSSID,MODE,CHAN,FREQ,RATE,SIGNAL,BARS,SECURITY,WPA-FLAGS,RSN-FLAGS,DEVICE,ACTIVE,IN-USE,DBUS-PATH

<<<
