location: clients/tests/test-client.py:775:test_002()/7
cmd: $NMCLI -f AP -mode multiline d show wlan0
lang: C
returncode: 0
stdout: 2652 bytes
>>>
AP[1].SSID:                             wlan0-ap-3
AP[1].SSID-HEX:                         776C616E302D61702D33
AP[1].BSSID:                            60:B3:25:25:E2:C8
AP[1].MODE:                             Infra
AP[1].CHAN:                             1
AP[1].FREQ:                             2412 MHz
AP[1].RATE:                             54 Mbit/s
AP[1].SIGNAL:                           55
AP[1].BARS:                             **  
AP[1].SECURITY:                         WPA1 WPA2
AP[1].WPA-FLAGS:                        pair_tkip pair_ccmp group_tkip group_ccmp psk
AP[1].RSN-FLAGS:                        pair_tkip pair_ccmp group_tkip group_ccmp psk
AP[1].DEVICE:                           wlan0
AP[1].ACTIVE:                           no
AP[1].IN-USE:                            
AP[1].DBUS-PATH:                        /org/freedesktop/NetworkManager/AccessPoint/3
AP[2].SSID:                             wlan0-ap-1
AP[2].SSID-HEX:                         776C616E302D61702D31
AP[2].BSSID:                            90:B1:5F:9E:E0:E3
AP[2].MODE:                             Infra
AP[2].CHAN:                             1
AP[2].FREQ:                             2412 MHz
AP[2].RATE:                             54 Mbit/s
AP[2].SIGNAL:                           44
AP[2].BARS:                             **  
AP[2].SECURITY:                         WPA1 WPA2
AP[2].WPA-FLAGS:                        pair_tkip pair_ccmp group_tkip group_ccmp psk
AP[2].RSN-FLAGS:                        pair_tkip pair_ccmp group_tkip group_ccmp psk
AP[2].DEVICE:                           wlan0
AP[2].ACTIVE:                           no
AP[2].IN-USE:                            
AP[2].DBUS-PATH:                        /org/freedesktop/NetworkManager/AccessPoint/1
AP[3].SSID:                             wlan0-ap-2
AP[3].SSID-HEX:                         776C616E302D61702D32
AP[3].BSSID:                            61:66:D2:E7:44:A2
AP[3].MODE:                             Infra
AP[3].CHAN:                             1
AP[3].FREQ:                             2412 MHz
AP[3].RATE:                             54 Mbit/s
AP[3].SIGNAL:                           34
AP[3].BARS:                             **  
AP[3].SECURITY:                         WPA1 WPA2
AP[3].WPA-FLAGS:                        pair_tkip pair_ccmp group_tkip group_ccmp psk
AP[3].RSN-FLAGS:                        pair_tkip pair_ccmp group_tkip group_ccmp psk
AP[3].DEVICE:                           wlan0
AP[3].ACTIVE:                           no
AP[3].IN-USE:                            
AP[3].DBUS-PATH:                        /org/freedesktop/NetworkManager/AccessPoint/2

<<<
stderr: 0 bytes
>>>

<<<
