location: clients/tests/test-client.py:988:test_004()/222
cmd: $NMCLI --mode tabular --pretty --color yes -f GENERAL,CAPABILITIES,WIFI-PROPERTIES,AP,WIRED-PROPERTIES,WIMAX-PROPERTIES,NSP,IP4,DHCP4,IP6,DHCP6,BOND,TEAM,BRIDGE,VLAN,BLUETOOTH,CONNECTIONS device show wlan0
lang: pl_PL.UTF-8
returncode: 0
stdout: 5757 bytes
>>>
===================================
  Informacje oÂ urzÄ…dzeniu (wlan0)
===================================
NAME     DEVICE  TYPE  NM-TYPE       VENDOR  PRODUCT  DRIVER   DRIVER-VERSION  FIRMWARE-VERSION  HWADDR             MTU  STATE             REASON                    UDI                         IP-IFACE  IS-SOFTWARE  NM-MANAGED  AUTOCONNECT  FIRMWARE-MISSING  NM-PLUGIN-MISSING  PHYS-PORT-ID  CONNECTION  CON-UUID                              CON-PATH                                            METERED  
--------------------------------------------------------------------------------------------------------------------------------------------------------------------------------------------------------------------------------------------------------------------------------------------------------------------------------------------------------------------------------------------------------------------
GENERAL  wlan0   wifi  NMDeviceWifi  --      --       virtual  --              --                13:E0:74:85:7C:D9  0    20 (niedostÄ™pne)  0 (Nie podano przyczyny)  /sys/devices/virtual/wlan0  --        nie          tak         tak          nie               nie                --            con-vpn-1   UUID-con-vpn-1-REPLACED-REPLACED-REP  /org/freedesktop/NetworkManager/ActiveConnection/2  nieznane 

NAME          CARRIER-DETECT  SPEED     IS-SOFTWARE  SRIOV 
------------------------------------------------------------
CAPABILITIES  nie             nieznane  nie          nie   

NAME             WEP  WPA  WPA2  TKIP  CCMP  AP   ADHOC  2GHZ      5GHZ     
-----------------------------------------------------------------------------
WIFI-PROPERTIES  tak  tak  tak   tak   tak   tak  tak    nieznane  nieznane 

NAME   SSID        SSID-HEX              BSSID              MODE            CHAN  FREQ      RATE     SIGNAL  BARS  SECURITY   WPA-FLAGS                                      RSN-FLAGS                                      DEVICE  ACTIVE  IN-USE  DBUS-PATH                                     
---------------------------------------------------------------------------------------------------------------------------------------------------------------------------------------------------------------------------------------------------------------------------------------------------
AP[1]  [32mwlan0-ap-2[0m  [32m776C616E302D61702D32[0m  [32mC0:E2:BE:E8:EF:B6[0m  [32mInfrastruktura[0m  [32m1[0m     [32m2412â€‰MHz[0m  [32m54â€‰Mb/s[0m  [32m92[0m      [32m****[0m  [32mWPA1 WPA2[0m  [32mpair_tkip pair_ccmp group_tkip group_ccmp psk[0m  [32mpair_tkip pair_ccmp group_tkip group_ccmp psk[0m  [32mwlan0[0m   [32mnie[0m     [32m [0m       [32m/org/freedesktop/NetworkManager/AccessPoint/2[0m 
AP[2]  [32mwlan0-ap-1[0m  [32m776C616E302D61702D31[0m  [32m61:95:77:AC:1E:4C[0m  [32mInfrastruktura[0m  [32m1[0m     [32m2412â€‰MHz[0m  [32m54â€‰Mb/s[0m  [32m81[0m      [32m****[0m  [32mWPA1 WPA2[0m  [32mpair_tkip pair_ccmp group_tkip group_ccmp psk[0m  [32mpair_tkip pair_ccmp group_tkip group_ccmp psk[0m  [32mwlan0[0m   [32mnie[0m     [32m [0m       [32m/org/freedesktop/NetworkManager/AccessPoint/1[0m 
AP[3]  [35mwlan0-ap-3[0m  [35m776C616E302D61702D33[0m  [35m9B:F6:B7:EC:97:76[0m  [35mInfrastruktura[0m  [35m1[0m     [35m2412â€‰MHz[0m  [35m54â€‰Mb/s[0m  [35m55[0m      [35m**  [0m  [35mWPA1 WPA2[0m  [35mpair_tkip pair_ccmp group_tkip group_ccmp psk[0m  [35mpair_tkip pair_ccmp group_tkip group_ccmp psk[0m  [35mwlan0[0m   [35mnie[0m     [35m [0m       [35m/org/freedesktop/NetworkManager/AccessPoint/3[0m 

GROUP  ADDRESS                                 GATEWAY         ROUTE  DNS  DOMAIN                                                                            WINS           
-----------------------------------------------------------------------------------------------------------------------------------------------------------------------------
IP4    192.168.228.18/32 | 192.168.209.179/25  192.168.41.120  --     --   sear4.foo2.bar | sear4.fo.x.y | sear4.foo1.bar | sear4.foo4.bar | sear4.fo.o.bar  192.168.120.79 

GROUP  OPTION                                                                                    
--------------------------------------------------------------------------------------------------
DHCP4  dhcp-4-opt-0 = val-0 | dhcp-4-opt-2 = val-2 | dhcp-4-opt-4 = val-4 | dhcp-4-opt-7 = val-7 

GROUP  ADDRESS  GATEWAY  ROUTE                                                           DNS  DOMAIN                                                                                            
-------------------------------------------------------------------------------------------------------------------------------------------------------------------------------------------------
IP6    --       --       dst = 2001:a::dd5b:aa7b:b4a2:e42/102, nh = ::, mt = 2504159086  --   sear6.foo2.bar | sear6.foo1.bar | sear6.fo.x.y | sear6.fo.o.bar | sear6.foo3.bar | sear6.foo4.bar 

GROUP  OPTION                                                                                                           
-------------------------------------------------------------------------------------------------------------------------
DHCP6  dhcp-6-opt-1 = val-1 | dhcp-6-opt-2 = val-2 | dhcp-6-opt-3 = val-3 | dhcp-6-opt-4 = val-4 | dhcp-6-opt-5 = val-5 

NAME         AVAILABLE-CONNECTION-PATHS                               AVAILABLE-CONNECTIONS                          
----------------------------------------------------------------------------------------------------------------------
CONNECTIONS  /org/freedesktop/NetworkManager/Settings/Connection/{2}  UUID-con-xx1-REPLACED-REPLACED-REPLA | con-xx1 

<<<
stderr: 0 bytes
>>>

<<<
