location: clients/tests/test-client.py:972:test_004()/46
cmd: $NMCLI -f COMMON device wifi list
lang: pl_PL.UTF-8
returncode: 0
stdout: 506 bytes
>>>
NAME   IN-USE  SSID        MODE            CHAN  RATE     SIGNAL  BARS  SECURITY  
AP[1]          wlan1-ap-4  Infrastruktura  1     54 Mb/s  48      **    WPA1 WPA2 
NAME   IN-USE  SSID        MODE            CHAN  RATE     SIGNAL  BARS  SECURITY  
AP[1]          wlan0-ap-2  Infrastruktura  1     54 Mb/s  92      ****  WPA1 WPA2 
AP[2]          wlan0-ap-1  Infrastruktura  1     54 Mb/s  81      ****  WPA1 WPA2 
AP[3]          wlan0-ap-3  Infrastruktura  1     54 Mb/s  55      **    WPA1 WPA2 

<<<
stderr: 0 bytes
>>>

<<<
