location: clients/tests/test-client.py:979:test_004()/70
cmd: $NMCLI --color yes -f COMMON device wifi list bssid C0:E2:BE:E8:EF:B6
lang: pl_PL.UTF-8
returncode: 10
stdout: 240 bytes
>>>
NAME   IN-USE  SSID        MODE            CHAN  RATE     SIGNAL  BARS  SECURITY  
AP[1]  [32m [0m       [32mwlan0-ap-2[0m  [32mInfrastruktura[0m  [32m1[0m     [32m54â€‰Mb/s[0m  [32m92[0m      [32m****[0m  [32mWPA1 WPA2[0m 

<<<
stderr: 11 bytes
>>>
Powodzenie

<<<
