location: clients/tests/test-client.py:977:test_004()/266
cmd: $NMCLI --mode multiline -f ALL device wifi list bssid C0:E2:BE:E8:EF:B6
lang: pl_PL.UTF-8
returncode: 10
stdout: 896 bytes
>>>
AP[1].SSID:                             wlan0-ap-2
AP[1].SSID-HEX:                         776C616E302D61702D32
AP[1].BSSID:                            C0:E2:BE:E8:EF:B6
AP[1].MODE:                             Infrastruktura
AP[1].CHAN:                             1
AP[1].FREQ:                             2412 MHz
AP[1].RATE:                             54 Mb/s
AP[1].SIGNAL:                           92
AP[1].BARS:                             ****
AP[1].SECURITY:                         WPA1 WPA2
AP[1].WPA-FLAGS:                        pair_tkip pair_ccmp group_tkip group_ccmp psk
AP[1].RSN-FLAGS:                        pair_tkip pair_ccmp group_tkip group_ccmp psk
AP[1].DEVICE:                           wlan0
AP[1].ACTIVE:                           nie
AP[1].IN-USE:                            
AP[1].DBUS-PATH:                        /org/freedesktop/NetworkManager/AccessPoint/2

<<<
stderr: 11 bytes
>>>
Powodzenie

<<<
