location: clients/tests/test-client.py:979:test_004()/123
cmd: $NMCLI --terse -f COMMON device wifi list bssid C0:E2:BE:E8:EF:B6
lang: C
returncode: 10
stdout: 55 bytes
>>>
AP[1]: :wlan0-ap-2:Infra:1:54 Mbit/s:92:****:WPA1 WPA2

<<<
stderr: 8 bytes
>>>
Success

<<<
