location: clients/tests/test-client.py:979:test_004()/358
cmd: $NMCLI --mode multiline --terse --color yes -f COMMON device wifi list bssid C0:E2:BE:E8:EF:B6
lang: pl_PL.UTF-8
returncode: 10
stdout: 217 bytes
>>>
AP[1].IN-USE:[32m [0m
AP[1].SSID:[32mwlan0-ap-2[0m
AP[1].MODE:[32mInfra[0m
AP[1].CHAN:[32m1[0m
AP[1].RATE:[32m54 Mbit/s[0m
AP[1].SIGNAL:[32m92[0m
AP[1].BARS:[32m****[0m
AP[1].SECURITY:[32mWPA1 WPA2[0m

<<<
stderr: 11 bytes
>>>
Powodzenie

<<<
