location: clients/tests/test-client.py:972:test_004()/298
cmd: $NMCLI --mode multiline --pretty -f COMMON device wifi list
lang: pl_PL.UTF-8
returncode: 0
stdout: 2268 bytes
>>>
===============================================================================
                     Lista skanowania sieci Wi-Fi (wlan1)
===============================================================================
AP[1].IN-USE:                            
AP[1].SSID:                             wlan1-ap-4
AP[1].MODE:                             Infrastruktura
AP[1].CHAN:                             1
AP[1].RATE:                             54 Mb/s
AP[1].SIGNAL:                           48
AP[1].BARS:                             **  
AP[1].SECURITY:                         WPA1 WPA2
-------------------------------------------------------------------------------
===============================================================================
                     Lista skanowania sieci Wi-Fi (wlan0)
===============================================================================
AP[1].IN-USE:                            
AP[1].SSID:                             wlan0-ap-2
AP[1].MODE:                             Infrastruktura
AP[1].CHAN:                             1
AP[1].RATE:                             54 Mb/s
AP[1].SIGNAL:                           92
AP[1].BARS:                             ****
AP[1].SECURITY:                         WPA1 WPA2
-------------------------------------------------------------------------------
AP[2].IN-USE:                            
AP[2].SSID:                             wlan0-ap-1
AP[2].MODE:                             Infrastruktura
AP[2].CHAN:                             1
AP[2].RATE:                             54 Mb/s
AP[2].SIGNAL:                           81
AP[2].BARS:                             ****
AP[2].SECURITY:                         WPA1 WPA2
-------------------------------------------------------------------------------
AP[3].IN-USE:                            
AP[3].SSID:                             wlan0-ap-3
AP[3].MODE:                             Infrastruktura
AP[3].CHAN:                             1
AP[3].RATE:                             54 Mb/s
AP[3].SIGNAL:                           55
AP[3].BARS:                             **  
AP[3].SECURITY:                         WPA1 WPA2
-------------------------------------------------------------------------------

<<<
stderr: 0 bytes
>>>

<<<
