location: clients/tests/test-client.py:982:test_004()/53
cmd: $NMCLI -f NAME,SSID,SSID-HEX,BSSID,MODE,CHAN,FREQ,RATE,SIGNAL,BARS,SECURITY,WPA-FLAGS,RSN-FLAGS,DEVICE,ACTIVE,IN-USE,DBUS-PATH device wifi list bssid C0:E2:BE:E8:EF:B6
lang: C
returncode: 2
stdout: 0 bytes
>>>

<<<
stderr: 172 bytes
>>>
Error: 'device wifi': invalid field 'NAME'; allowed fields: SSID,SSID-HEX,BSSID,MODE,CHAN,FREQ,RATE,SIGNAL,BARS,SECURITY,WPA-FLAGS,RSN-FLAGS,DEVICE,ACTIVE,IN-USE,DBUS-PATH

<<<
